Log   - This is the log message
Info  - This is the info message
Warn  - This is the warning message
Debug - This is the debug message
Error - This is the error message